[www.vezzygame.com/index.html]
[backblue.gif]
[fade.gif]
[index.html]
[use.fontawesome.com/releases/v5.2.0/css/all.css]
[www.vezzygame.com/images/packets/packet_image_1561484830.png]
[www.vezzygame.com/images/packets/packet_image_1561666072.png]
[www.vezzygame.com/images/packets/packet_image_1561666431.png]
[www.vezzygame.com/images/packets/packet_image_1561666527.png]
[www.vezzygame.com/images/packets/packet_image_1561667006.png]
[www.vezzygame.com/images/packets/packet_image_1561667134.png]
[www.vezzygame.com/images/packets/packet_image_1561667199.png]
[www.vezzygame.com/themes/roteniumblue/images/aboutus.png]
[www.vezzygame.com/admin/index.html]
[code.jquery.com/jquery-3.3.1.min.js]
[cdnjs.cloudflare.com/ajax/libs/popper.js/1.14.3/umd/popper.min.js]
[stackpath.bootstrapcdn.com/bootstrap/4.1.3/js/bootstrap.min.js]
[www.vezzygame.com/themes/roteniumblue/assets/js/typed.min.js]
[www.vezzygame.com/themes/roteniumblue/assets/js/main.js]
[www.vezzygame.com/library/public.js]
[www.vezzygame.com/index.html]
[use.fontawesome.com/releases/v5.2.0/css/all.css]
[www.vezzygame.com/themes/roteniumblue/assets/css/bootstrap.min.css]
[www.vezzygame.com/themes/roteniumblue/images/banner.jpg]
[www.vezzygame.com/themes/roteniumblue/assets/css/customcedf.css]
[www.vezzygame.com/instagram.com/orcunmeric010.html]
[www.vezzygame.com/admin/login.html]
[www.vezzygame.com/admin/index.html]
[www.vezzygame.com/admin/extends/assets/libs/jquery/dist/jquery.min.js]
[www.vezzygame.com/admin/extends/assets/libs/notify.js]
[www.vezzygame.com/admin/extends/assets/libs/popper.js/dist/umd/popper.min.js]
[www.vezzygame.com/admin/extends/assets/libs/bootstrap/dist/js/bootstrap.min.js]
[www.vezzygame.com/admin/extends/assets/libs/main5eba.js]
[www.vezzygame.com/admin/login.html]
[www.vezzygame.com/admin/extends/assets/images/custom-select.png]
[www.vezzygame.com/admin/extends/dist/css/style.min.css]
[www.vezzygame.com/admin/extends/dist/css/custom.css]
[www.vezzygame.com/admin/extends/assets/libs/notify.css]
[www.vezzygame.com/admin/extends/dist/css/icons/font-awesome/webfonts/fa-brands-400.eot]
[www.vezzygame.com/admin/extends/dist/css/icons/font-awesome/webfonts/fa-brands-400d41d.eot]
[www.vezzygame.com/admin/extends/dist/css/icons/font-awesome/webfonts/fa-brands-400.woff2]
[www.vezzygame.com/admin/extends/dist/css/icons/font-awesome/webfonts/fa-brands-400.woff]
[www.vezzygame.com/admin/extends/dist/css/icons/font-awesome/webfonts/fa-brands-400.ttf]
[www.vezzygame.com/admin/extends/dist/css/icons/font-awesome/webfonts/fa-regular-400.eot]
[www.vezzygame.com/admin/extends/dist/css/icons/font-awesome/webfonts/fa-regular-400d41d.eot]
[www.vezzygame.com/admin/extends/dist/css/icons/font-awesome/webfonts/fa-regular-400.woff2]
[www.vezzygame.com/admin/extends/dist/css/icons/font-awesome/webfonts/fa-regular-400.woff]
[www.vezzygame.com/admin/extends/dist/css/icons/font-awesome/webfonts/fa-regular-400.ttf]
[www.vezzygame.com/admin/extends/dist/css/icons/font-awesome/webfonts/fa-solid-900.eot]
[www.vezzygame.com/admin/extends/dist/css/icons/font-awesome/webfonts/fa-solid-900d41d.eot]
[www.vezzygame.com/admin/extends/dist/css/icons/font-awesome/webfonts/fa-solid-900.woff2]
[www.vezzygame.com/admin/extends/dist/css/icons/font-awesome/webfonts/fa-solid-900.woff]
[www.vezzygame.com/admin/extends/dist/css/icons/font-awesome/webfonts/fa-solid-900.ttf]
[www.vezzygame.com/admin/extends/dist/css/icons/font-awesome/css/fontawesome-all.css]
[www.vezzygame.com/admin/extends/dist/css/icons/themify-icons/fonts/themifyd41d.eot]
[www.vezzygame.com/admin/extends/dist/css/icons/themify-icons/fonts/themify.woff]
[www.vezzygame.com/admin/extends/dist/css/icons/themify-icons/fonts/themify.ttf]
[www.vezzygame.com/admin/extends/dist/css/icons/themify-icons/themify-icons.css]
[www.vezzygame.com/admin/extends/dist/css/icons/material-design-iconic-font/fonts/materialdesignicons-webfontdc99.eot]
[www.vezzygame.com/admin/extends/dist/css/icons/material-design-iconic-font/fonts/materialdesignicons-webfontd41d.eot]
[www.vezzygame.com/admin/extends/dist/css/icons/material-design-iconic-font/fonts/materialdesignicons-webfontdc99.woff2]
[www.vezzygame.com/admin/extends/dist/css/icons/material-design-iconic-font/fonts/materialdesignicons-webfontdc99.woff]
[www.vezzygame.com/admin/extends/dist/css/icons/material-design-iconic-font/fonts/materialdesignicons-webfontdc99.ttf]
[www.vezzygame.com/admin/extends/dist/css/icons/material-design-iconic-font/css/materialdesignicons.min.css]
[www.vezzygame.com/admin/extends/dist/css/icons/weather-icons/fonts/weathericons-regular-webfont.eot]
[www.vezzygame.com/admin/extends/dist/css/icons/weather-icons/css/weather-icons.min.css]
[www.vezzygame.com/admin/extends/dist/css/icons/font-awesome/webfonts/fa-brands-400.svg]
[www.vezzygame.com/admin/extends/dist/css/icons/font-awesome/webfonts/fa-regular-400.svg]
[www.vezzygame.com/admin/extends/dist/css/icons/font-awesome/webfonts/fa-solid-900.svg]
[www.vezzygame.com/admin/extends/dist/css/icons/themify-icons/fonts/themify9f24.html]
[www.vezzygame.com/admin/extends/dist/css/icons/themify-icons/fonts/themify9f24-2.html]
[www.vezzygame.com/admin/extends/dist/css/icons/material-design-iconic-font/fonts/materialdesignicons-webfontdc99.svg]
